../Core/Src/main.c:149:1:__io_putchar	16	static
../Core/Src/main.c:157:6:IMU_Calculate	40	static
../Core/Src/main.c:217:6:parse_uart_byte	24	static
../Core/Src/main.c:274:6:rc_control	8	static
../Core/Src/main.c:315:6:LCD_Display_update	24	static
../Core/Src/main.c:348:6:HAL_TIM_PeriodElapsedCallback	40	static
../Core/Src/main.c:364:6:HAL_I2C_MemRxCpltCallback	16	static
../Core/Src/main.c:371:6:HAL_UART_RxCpltCallback	16	static
../Core/Src/main.c:381:6:HAL_GPIO_EXTI_Callback	16	static
../Core/Src/main.c:401:5:main	32	static
../Core/Src/main.c:501:6:SystemClock_Config	96	static
../Core/Src/main.c:546:13:MX_I2C1_Init	8	static
../Core/Src/main.c:594:13:MX_SPI1_Init	8	static
../Core/Src/main.c:634:13:MX_TIM2_Init	40	static
../Core/Src/main.c:679:13:MX_USART1_UART_Init	8	static
../Core/Src/main.c:714:13:MX_USART2_UART_Init	8	static
../Core/Src/main.c:749:13:MX_GPIO_Init	40	static
../Core/Src/main.c:804:6:Error_Handler	4	static,ignoring_inline_asm
