../Core/Src/main.c:110:1:__io_putchar	16	static
../Core/Src/main.c:118:6:smartcar_forward	8	static
../Core/Src/main.c:129:6:smartcar_back	8	static
../Core/Src/main.c:140:6:smartcar_left	8	static
../Core/Src/main.c:151:6:smartcar_right	8	static
../Core/Src/main.c:162:6:smartcar_stop	8	static
../Core/Src/main.c:174:6:delay_us	16	static
../Core/Src/main.c:179:6:trig	24	static
../Core/Src/main.c:185:19:echo	40	static
../Core/Src/main.c:217:6:play_buzzer	24	static
../Core/Src/main.c:243:6:HAL_UART_RxCpltCallback	16	static
../Core/Src/main.c:262:5:main	144	static
../Core/Src/main.c:370:6:SystemClock_Config	72	static
../Core/Src/main.c:409:13:MX_TIM1_Init	32	static
../Core/Src/main.c:455:13:MX_TIM3_Init	64	static
../Core/Src/main.c:514:13:MX_USART2_UART_Init	8	static
../Core/Src/main.c:547:13:MX_USART3_UART_Init	8	static
../Core/Src/main.c:580:13:MX_GPIO_Init	40	static
../Core/Src/main.c:669:6:StartUltrasonicTask	40	static
../Core/Src/main.c:722:6:StartBluetoothTask	24	static
../Core/Src/main.c:751:6:StartMotorTask	32	static
../Core/Src/main.c:786:6:StartMultiTask	16	static
../Core/Src/main.c:815:6:Error_Handler	4	static,ignoring_inline_asm
