../Core/Src/main.c:110:1:__io_putchar	2
../Core/Src/main.c:118:6:smartcar_forward	1
../Core/Src/main.c:129:6:smartcar_back	1
../Core/Src/main.c:140:6:smartcar_left	1
../Core/Src/main.c:151:6:smartcar_right	1
../Core/Src/main.c:162:6:smartcar_stop	1
../Core/Src/main.c:174:6:delay_us	2
../Core/Src/main.c:179:6:trig	1
../Core/Src/main.c:185:19:echo	7
../Core/Src/main.c:217:6:play_buzzer	2
../Core/Src/main.c:243:6:HAL_UART_RxCpltCallback	3
../Core/Src/main.c:262:5:main	1
../Core/Src/main.c:370:6:SystemClock_Config	3
../Core/Src/main.c:409:13:MX_TIM1_Init	4
../Core/Src/main.c:455:13:MX_TIM3_Init	6
../Core/Src/main.c:514:13:MX_USART2_UART_Init	2
../Core/Src/main.c:547:13:MX_USART3_UART_Init	2
../Core/Src/main.c:580:13:MX_GPIO_Init	1
../Core/Src/main.c:669:6:StartUltrasonicTask	7
../Core/Src/main.c:722:6:StartBluetoothTask	1
../Core/Src/main.c:751:6:StartMotorTask	7
../Core/Src/main.c:786:6:StartMultiTask	4
../Core/Src/main.c:815:6:Error_Handler	1
